[kcmdesign2.wixsite.com/mysite.html]
[backblue.gif]
[fade.gif]
[index.html]
[kcmdesign2.wixsite.com/index.html]
[kcmdesign2.wixsite.com/mysite/à-propos-de-nous.html]
[kcmdesign2.wixsite.com/mysite/services.html]
[kcmdesign2.wixsite.com/mysite/produits.html]
[kcmdesign2.wixsite.com/mysite/contactez-nous.html]
[kcmdesign2.wixsite.com/media/emptystate.85a4add5.5.delayed]
[kcmdesign2.wixsite.com/sitemap.6.delayed]
[kcmdesign2.wixsite.com/feed.7.delayed]
[kcmdesign2.wixsite.com/${n.8.delayed]
[kcmdesign2.wixsite.com/decodeURIComponent(e.9.delayed]
[kcmdesign2.wixsite.com/mysite.html]
[kcmdesign2.wixsite.com/index.html]
[kcmdesign2.wixsite.com/mysite/robots.a.delayed]
[kcmdesign2.wixsite.com/mysite/sitemap.xml]
[kcmdesign2.wixsite.com/mysite/feed.c.delayed]
[kcmdesign2.wixsite.com/mysite/${n.d.delayed]
[kcmdesign2.wixsite.com/mysite/decodeURIComponent(e.e.delayed]
[kcmdesign2.wixsite.com/mysite/à-propos-de-nous.html]
[kcmdesign2.wixsite.com/mysite/services.html]
[kcmdesign2.wixsite.com/mysite/produits.html]
[kcmdesign2.wixsite.com/mysite/contactez-nous.html]
[kcmdesign2.wixsite.com/media/emptystate.85a4add5.html]
[kcmdesign2.wixsite.com/sitemap.html]
[kcmdesign2.wixsite.com/feed.html]
[kcmdesign2.wixsite.com/${n.html]
[kcmdesign2.wixsite.com/decodeURIComponent(e.html]
[kcmdesign2.wixsite.com/mysite/robots.html]
[kcmdesign2.wixsite.com/mysite/feed.html]
[kcmdesign2.wixsite.com/mysite/${n.html]
[kcmdesign2.wixsite.com/mysite/decodeURIComponent(e.html]
